max |numpy Bayes - oracle| over all runs and cells: 2.89e-15
87 runs with a non-flat probe surface (of 105)
E1_h0.01_e0.1_L2_alibi_learn_attn_s0                 cvRMSE  Btrue 1.532  Bfree 0.838  Cexp 1.895  Cpow 2.280  Add 2.145
E1_h0.01_e0.1_L2_alibi_learn_attn_s1                 cvRMSE  Btrue 1.879  Bfree 0.630  Cexp 1.609  Cpow 2.105  Add 2.107
E1_h0.01_e0.1_L2_alibi_learn_attn_s2                 cvRMSE  Btrue 1.605  Bfree 0.883  Cexp 1.952  Cpow 2.336  Add 2.210
E1_h0.01_e0.1_L2_alibi_learn_mlp_s0                  cvRMSE  Btrue 1.741  Bfree 1.309  Cexp 2.151  Cpow 2.516  Add 2.426
E1_h0.01_e0.1_L2_alibi_learn_mlp_s1                  cvRMSE  Btrue 1.656  Bfree 1.177  Cexp 2.081  Cpow 2.478  Add 2.376
E1_h0.01_e0.1_L2_alibi_learn_mlp_s2                  cvRMSE  Btrue 1.642  Bfree 1.205  Cexp 2.094  Cpow 2.468  Add 2.375
E1_h0.01_e0.1_L3_alibi_learn_attn_s0                 cvRMSE  Btrue 0.887  Bfree 0.646  Cexp 1.164  Cpow 1.340  Add 1.190
E1_h0.01_e0.1_L3_alibi_learn_attn_s1                 cvRMSE  Btrue 0.789  Bfree 0.651  Cexp 1.397  Cpow 1.728  Add 1.533
E1_h0.01_e0.1_L3_alibi_learn_attn_s2                 cvRMSE  Btrue 0.872  Bfree 0.681  Cexp 1.268  Cpow 1.572  Add 1.415
E1_h0.03_e0.2_L2_alibi_learn_attn_s0                 cvRMSE  Btrue 1.123  Bfree 0.450  Cexp 1.143  Cpow 1.491  Add 1.401
E1_h0.03_e0.2_L2_alibi_learn_attn_s1                 cvRMSE  Btrue 1.105  Bfree 0.444  Cexp 1.076  Cpow 1.451  Add 1.380
E1_h0.03_e0.2_L2_alibi_learn_attn_s2                 cvRMSE  Btrue 1.087  Bfree 0.463  Cexp 1.191  Cpow 1.553  Add 1.473
E1_h0.03_e0.2_L2_alibi_learn_mlp_s0                  cvRMSE  Btrue 0.961  Bfree 0.442  Cexp 1.433  Cpow 1.780  Add 1.690
E1_h0.03_e0.2_L2_alibi_learn_mlp_s1                  cvRMSE  Btrue 0.939  Bfree 0.455  Cexp 1.519  Cpow 1.858  Add 1.778
E1_h0.03_e0.2_L2_alibi_learn_mlp_s2                  cvRMSE  Btrue 0.913  Bfree 0.447  Cexp 1.459  Cpow 1.788  Add 1.703
E1_h0.03_e0.2_L3_alibi_learn_attn_s0                 cvRMSE  Btrue 0.939  Bfree 0.404  Cexp 1.090  Cpow 1.419  Add 1.329
E1_h0.03_e0.2_L3_alibi_learn_attn_s1                 cvRMSE  Btrue 0.970  Bfree 0.356  Cexp 1.169  Cpow 1.475  Add 1.367
E1_h0.03_e0.2_L3_alibi_learn_attn_s2                 cvRMSE  Btrue 0.901  Bfree 0.320  Cexp 1.079  Cpow 1.376  Add 1.256
E2a_h0.01_e0.1_L2_learned_abs_attn_s0                cvRMSE  Btrue 1.585  Bfree 0.606  Cexp 1.341  Cpow 1.725  Add 1.728
E2a_h0.01_e0.1_L2_learned_abs_attn_s1                cvRMSE  Btrue 1.467  Bfree 0.575  Cexp 1.228  Cpow 1.647  Add 1.623
E2a_h0.01_e0.1_L2_learned_abs_attn_s2                cvRMSE  Btrue 1.458  Bfree 0.708  Cexp 1.249  Cpow 1.718  Add 1.675
E2a_h0.01_e0.1_L2_rope_attn_s0                       cvRMSE  Btrue 0.939  Bfree 0.678  Cexp 1.108  Cpow 1.260  Add 1.169
E2a_h0.01_e0.1_L2_rope_attn_s1                       cvRMSE  Btrue 0.810  Bfree 0.644  Cexp 1.278  Cpow 1.525  Add 1.407
E2a_h0.01_e0.1_L2_rope_attn_s2                       cvRMSE  Btrue 0.771  Bfree 0.758  Cexp 1.344  Cpow 1.498  Add 1.379
E2a_h0.01_e0.1_L3_learned_abs_attn_s0                cvRMSE  Btrue 0.984  Bfree 0.916  Cexp 0.950  Cpow 1.018  Add 0.967
E2a_h0.01_e0.1_L3_learned_abs_attn_s1                cvRMSE  Btrue 1.161  Bfree 1.411  Cexp 1.106  Cpow 1.243  Add 1.247
E2a_h0.01_e0.1_L3_learned_abs_attn_s2                cvRMSE  Btrue 1.238  Bfree 0.470  Cexp 1.309  Cpow 1.407  Add 1.399
E2a_h0.01_e0.1_L3_rope_attn_s0                       cvRMSE  Btrue 1.042  Bfree 0.909  Cexp 1.873  Cpow 2.109  Add 1.982
E2a_h0.01_e0.1_L3_rope_attn_s1                       cvRMSE  Btrue 0.494  Bfree 0.492  Cexp 1.382  Cpow 1.601  Add 1.438
E2a_h0.01_e0.1_L3_rope_attn_s2                       cvRMSE  Btrue 0.324  Bfree 0.346  Cexp 1.373  Cpow 1.523  Add 1.380
E2a_h0.03_e0.2_L2_learned_abs_attn_s0                cvRMSE  Btrue 0.650  Bfree 0.291  Cexp 0.395  Cpow 0.563  Add 0.563
E2a_h0.03_e0.2_L2_learned_abs_attn_s1                cvRMSE  Btrue 0.608  Bfree 0.388  Cexp 0.861  Cpow 1.021  Add 0.921
E2a_h0.03_e0.2_L2_learned_abs_attn_s2                cvRMSE  Btrue 0.502  Bfree 0.416  Cexp 0.656  Cpow 0.813  Add 0.794
E2a_h0.03_e0.2_L2_rope_attn_s0                       cvRMSE  Btrue 1.127  Bfree 0.471  Cexp 1.196  Cpow 1.500  Add 1.386
E2a_h0.03_e0.2_L2_rope_attn_s1                       cvRMSE  Btrue 1.080  Bfree 0.457  Cexp 1.248  Cpow 1.555  Add 1.456
E2a_h0.03_e0.2_L2_rope_attn_s2                       cvRMSE  Btrue 1.069  Bfree 0.473  Cexp 1.259  Cpow 1.558  Add 1.453
E2a_h0.03_e0.2_L3_learned_abs_attn_s0                cvRMSE  Btrue 0.414  Bfree 0.451  Cexp 1.225  Cpow 1.442  Add 1.385
E2a_h0.03_e0.2_L3_learned_abs_attn_s1                cvRMSE  Btrue 0.909  Bfree 0.429  Cexp 1.009  Cpow 1.228  Add 1.152
E2a_h0.03_e0.2_L3_learned_abs_attn_s2                cvRMSE  Btrue 0.712  Bfree 0.405  Cexp 1.168  Cpow 1.410  Add 1.326
E2a_h0.03_e0.2_L3_rope_attn_s0                       cvRMSE  Btrue 0.739  Bfree 0.826  Cexp 1.437  Cpow 1.690  Add 1.594
E2a_h0.03_e0.2_L3_rope_attn_s1                       cvRMSE  Btrue 0.367  Bfree 0.238  Cexp 1.334  Cpow 1.554  Add 1.481
E2a_h0.03_e0.2_L3_rope_attn_s2                       cvRMSE  Btrue 0.667  Bfree 0.639  Cexp 1.359  Cpow 1.611  Add 1.508
E2b_h0.003_e0.05_L2_alibi_learn_attn_s0              cvRMSE  Btrue 2.040  Bfree 0.946  Cexp 2.206  Cpow 2.535  Add 2.427
E2b_h0.003_e0.05_L2_alibi_learn_attn_s1              cvRMSE  Btrue 2.419  Bfree 1.287  Cexp 2.488  Cpow 2.813  Add 2.706
E2b_h0.003_e0.05_L2_alibi_learn_attn_s2              cvRMSE  Btrue 2.309  Bfree 1.286  Cexp 2.475  Cpow 2.821  Add 2.697
E2b_h0.003_e0.1_L2_alibi_learn_attn_s0               cvRMSE  Btrue 1.462  Bfree 0.841  Cexp 1.831  Cpow 2.031  Add 1.960
E2b_h0.003_e0.1_L2_alibi_learn_attn_s1               cvRMSE  Btrue 1.677  Bfree 0.870  Cexp 1.989  Cpow 2.169  Add 2.106
E2b_h0.003_e0.1_L2_alibi_learn_attn_s2               cvRMSE  Btrue 1.622  Bfree 1.011  Cexp 1.967  Cpow 2.178  Add 2.106
E2b_h0.003_e0.2_L2_alibi_learn_attn_s0               cvRMSE  Btrue 0.994  Bfree 0.743  Cexp 1.218  Cpow 1.259  Add 1.245
E2b_h0.003_e0.2_L2_alibi_learn_attn_s1               cvRMSE  Btrue 1.018  Bfree 0.794  Cexp 1.287  Cpow 1.323  Add 1.310
E2b_h0.003_e0.2_L2_alibi_learn_attn_s2               cvRMSE  Btrue 1.051  Bfree 0.823  Cexp 1.239  Cpow 1.272  Add 1.261
E2b_h0.003_e0.3_L2_alibi_learn_attn_s0               cvRMSE  Btrue 0.435  Bfree 0.434  Cexp 0.621  Cpow 0.640  Add 0.633
E2b_h0.003_e0.3_L2_alibi_learn_attn_s1               cvRMSE  Btrue 0.497  Bfree 0.487  Cexp 0.741  Cpow 0.758  Add 0.753
E2b_h0.003_e0.3_L2_alibi_learn_attn_s2               cvRMSE  Btrue 0.366  Bfree 0.367  Cexp 0.558  Cpow 0.579  Add 0.572
E2b_h0.01_e0.05_L2_alibi_learn_attn_s0               cvRMSE  Btrue 1.659  Bfree 0.664  Cexp 1.602  Cpow 2.071  Add 1.939
E2b_h0.01_e0.05_L2_alibi_learn_attn_s1               cvRMSE  Btrue 1.751  Bfree 0.801  Cexp 1.146  Cpow 1.702  Add 1.694
E2b_h0.01_e0.05_L2_alibi_learn_attn_s2               cvRMSE  Btrue 1.683  Bfree 0.727  Cexp 1.742  Cpow 2.188  Add 2.042
E2b_h0.01_e0.2_L2_alibi_learn_attn_s0                cvRMSE  Btrue 0.835  Bfree 1.000  Cexp 1.523  Cpow 1.735  Add 1.673
E2b_h0.01_e0.2_L2_alibi_learn_attn_s1                cvRMSE  Btrue 0.990  Bfree 0.698  Cexp 1.398  Cpow 1.639  Add 1.619
E2b_h0.01_e0.2_L2_alibi_learn_attn_s2                cvRMSE  Btrue 0.832  Bfree 1.074  Cexp 1.526  Cpow 1.720  Add 1.663
E2b_h0.01_e0.3_L2_alibi_learn_attn_s0                cvRMSE  Btrue 0.471  Bfree 0.467  Cexp 1.012  Cpow 1.101  Add 1.075
E2b_h0.01_e0.3_L2_alibi_learn_attn_s1                cvRMSE  Btrue 0.792  Bfree 0.905  Cexp 1.048  Cpow 1.078  Add 1.080
E2b_h0.01_e0.3_L2_alibi_learn_attn_s2                cvRMSE  Btrue 0.473  Bfree 0.478  Cexp 1.065  Cpow 1.148  Add 1.123
E2b_h0.03_e0.05_L2_alibi_learn_attn_s0               cvRMSE  Btrue 1.026  Bfree 0.512  Cexp 0.908  Cpow 1.273  Add 1.202
E2b_h0.03_e0.05_L2_alibi_learn_attn_s1               cvRMSE  Btrue 1.198  Bfree 0.610  Cexp 0.617  Cpow 1.067  Add 1.030
E2b_h0.03_e0.05_L2_alibi_learn_attn_s2               cvRMSE  Btrue 1.003  Bfree 0.466  Cexp 0.868  Cpow 1.252  Add 1.186
E2b_h0.03_e0.1_L2_alibi_learn_attn_s0                cvRMSE  Btrue 1.092  Bfree 0.535  Cexp 1.176  Cpow 1.600  Add 1.463
E2b_h0.03_e0.1_L2_alibi_learn_attn_s1                cvRMSE  Btrue 1.138  Bfree 0.545  Cexp 0.803  Cpow 1.243  Add 1.156
E2b_h0.03_e0.1_L2_alibi_learn_attn_s2                cvRMSE  Btrue 1.100  Bfree 0.629  Cexp 0.756  Cpow 1.210  Add 1.182
E2b_h0.03_e0.3_L2_alibi_learn_attn_s0                cvRMSE  Btrue 1.143  Bfree 0.239  Cexp 0.751  Cpow 0.977  Add 0.933
E2b_h0.03_e0.3_L2_alibi_learn_attn_s1                cvRMSE  Btrue 1.069  Bfree 0.287  Cexp 0.729  Cpow 0.956  Add 0.938
E2b_h0.03_e0.3_L2_alibi_learn_attn_s2                cvRMSE  Btrue 1.204  Bfree 0.280  Cexp 0.819  Cpow 1.050  Add 1.012
E2c_h0.01_e0.1_L2_alibi_learn_attn_cf0.2_s0          cvRMSE  Btrue 0.803  Bfree 0.629  Cexp 0.874  Cpow 0.998  Add 1.017
E2c_h0.01_e0.1_L2_alibi_learn_attn_cf0.2_s1          cvRMSE  Btrue 0.804  Bfree 0.624  Cexp 0.848  Cpow 0.983  Add 0.999
E2c_h0.01_e0.1_L2_alibi_learn_attn_cf0.2_s2          cvRMSE  Btrue 0.830  Bfree 0.652  Cexp 0.890  Cpow 1.020  Add 1.040
E2c_h0.01_e0.1_L3_alibi_learn_attn_cf0.2_s0          cvRMSE  Btrue 0.566  Bfree 0.471  Cexp 1.012  Cpow 1.127  Add 1.084
E2c_h0.01_e0.1_L3_alibi_learn_attn_cf0.2_s1          cvRMSE  Btrue 0.594  Bfree 0.486  Cexp 0.955  Cpow 1.066  Add 1.038
E2c_h0.01_e0.1_L3_alibi_learn_attn_cf0.2_s2          cvRMSE  Btrue 0.534  Bfree 0.442  Cexp 0.970  Cpow 1.084  Add 1.038
E2c_h0.03_e0.2_L2_alibi_learn_attn_cf0.2_s0          cvRMSE  Btrue 0.696  Bfree 0.533  Cexp 0.668  Cpow 0.947  Add 0.967
E2c_h0.03_e0.2_L2_alibi_learn_attn_cf0.2_s1          cvRMSE  Btrue 0.703  Bfree 0.520  Cexp 0.659  Cpow 0.940  Add 0.955
E2c_h0.03_e0.2_L2_alibi_learn_attn_cf0.2_s2          cvRMSE  Btrue 0.707  Bfree 0.520  Cexp 0.639  Cpow 0.920  Add 0.939
E2c_h0.03_e0.2_L3_alibi_learn_attn_cf0.2_s0          cvRMSE  Btrue 0.441  Bfree 0.380  Cexp 0.890  Cpow 1.090  Add 1.096
E2c_h0.03_e0.2_L3_alibi_learn_attn_cf0.2_s1          cvRMSE  Btrue 0.411  Bfree 0.354  Cexp 0.897  Cpow 1.094  Add 1.090
E2c_h0.03_e0.2_L3_alibi_learn_attn_cf0.2_s2          cvRMSE  Btrue 0.440  Bfree 0.343  Cexp 0.873  Cpow 1.069  Add 1.070
E2u_h0.0_e0.2_L2_alibi_learn_attn_uniform_s0         cvRMSE  Btrue 0.856  Bfree 0.814  Cexp 0.354  Cpow 0.355  Add 1.033
E2u_h0.0_e0.2_L2_alibi_learn_attn_uniform_s1         cvRMSE  Btrue 0.862  Bfree 0.826  Cexp 0.290  Cpow 0.291  Add 1.020
E2u_h0.0_e0.2_L2_alibi_learn_attn_uniform_s2         cvRMSE  Btrue 0.855  Bfree 0.819  Cexp 0.288  Cpow 0.289  Add 1.016

87 runs fitted -> figs_fit/fits.csv
