E1_h0.01_e0.1_L2_alibi_learn_attn_s0               recon 7.5e-05/6  copy heads 1.04  L1H0:0.50/P1 0.99/exp 0.69/pow 0.53  L1H1:0.54/P1 0.99/exp 0.70/pow 0.54
E1_h0.01_e0.1_L2_alibi_learn_attn_s1               recon 4.5e-05/7  copy heads 1.00  L1H0:0.54/P1 0.98/exp 0.59/pow 0.45  L1H1:0.46/P1 0.97/exp 0.66/pow 0.50
E1_h0.01_e0.1_L2_alibi_learn_attn_s2               recon 1.2e-04/7  copy heads 1.05  L1H0:0.51/P1 0.99/exp 0.69/pow 0.53  L1H1:0.54/P1 0.98/exp 0.65/pow 0.52
E1_h0.01_e0.1_L2_alibi_learn_mlp_s0                recon 7.4e-05/7  copy heads 0.00  
E1_h0.01_e0.1_L2_alibi_learn_mlp_s1                recon 7.6e-05/7  copy heads 0.00  
E1_h0.01_e0.1_L2_alibi_learn_mlp_s2                recon 6.9e-05/7  copy heads 0.00  
E1_h0.01_e0.1_L3_alibi_learn_attn_s0               recon 5.7e-05/6  copy heads 0.89  L2H0:0.70/P1 0.99/exp 0.25/pow 0.22  L2H1:0.19/P1 0.93/exp 0.68/pow 0.65
E1_h0.01_e0.1_L3_alibi_learn_attn_s1               recon 5.7e-05/6  copy heads 0.88  L2H0:0.69/P1 0.98/exp 0.25/pow 0.17  L2H1:0.20/P1 0.94/exp 0.73/pow 0.63
E1_h0.01_e0.1_L3_alibi_learn_attn_s2               recon 6.6e-05/6  copy heads 0.90  L2H0:0.70/P1 0.99/exp 0.24/pow 0.17  L2H1:0.20/P1 0.97/exp 0.81/pow 0.67
E1_h0.03_e0.2_L2_alibi_learn_attn_s0               recon 3.3e-05/5  copy heads 0.98  L1H0:0.48/P1 0.98/exp 0.88/pow 0.69  L1H1:0.50/P1 0.98/exp 0.87/pow 0.67
E1_h0.03_e0.2_L2_alibi_learn_attn_s1               recon 2.1e-05/5  copy heads 1.00  L1H0:0.48/P1 0.98/exp 0.88/pow 0.68  L1H1:0.52/P1 0.98/exp 0.88/pow 0.67
E1_h0.03_e0.2_L2_alibi_learn_attn_s2               recon 2.8e-05/5  copy heads 1.01  L1H0:0.51/P1 0.98/exp 0.87/pow 0.65  L1H1:0.50/P1 0.97/exp 0.87/pow 0.67
E1_h0.03_e0.2_L2_alibi_learn_mlp_s0                recon 3.1e-05/5  copy heads 0.00  
E1_h0.03_e0.2_L2_alibi_learn_mlp_s1                recon 5.0e-05/5  copy heads 0.00  
E1_h0.03_e0.2_L2_alibi_learn_mlp_s2                recon 4.2e-05/5  copy heads 0.00  
E1_h0.03_e0.2_L3_alibi_learn_attn_s0               recon 2.4e-05/5  copy heads 0.97  L2H0:0.52/P1 0.94/exp 0.25/pow 0.14  L2H1:0.45/P1 0.98/exp 0.72/pow 0.52
E1_h0.03_e0.2_L3_alibi_learn_attn_s1               recon 2.9e-05/5  copy heads 0.97  L2H0:0.56/P1 0.95/exp 0.25/pow 0.11  L2H1:0.41/P1 0.99/exp 0.79/pow 0.50
E1_h0.03_e0.2_L3_alibi_learn_attn_s2               recon 2.9e-05/5  copy heads 0.96  L2H0:0.53/P1 0.92/exp 0.43/pow 0.24  L2H1:0.43/P1 1.00/exp 0.80/pow 0.49
E2a_h0.01_e0.1_L2_learned_abs_attn_s0              recon 8.4e-05/6  copy heads 0.97  L1H0:0.35/P1 0.97/exp 0.54/pow 0.60  L1H1:0.33/P1 0.97/exp 0.54/pow 0.54  L1H2:0.29/P1 0.94/exp 0.66/pow 0.66
E2a_h0.01_e0.1_L2_learned_abs_attn_s1              recon 7.6e-05/6  copy heads 0.96  L1H0:0.29/P1 0.93/exp 0.56/pow 0.60  L1H1:0.39/P1 0.96/exp 0.49/pow 0.49  L1H3:0.28/P1 0.94/exp 0.71/pow 0.71
E2a_h0.01_e0.1_L2_learned_abs_attn_s2              recon 7.3e-05/6  copy heads 0.97  L1H0:0.39/P1 0.98/exp 0.61/pow 0.62  L1H1:0.26/P1 0.95/exp 0.67/pow 0.69  L1H2:0.32/P1 0.96/exp 0.53/pow 0.57
E2a_h0.01_e0.1_L2_rope_attn_s0                     recon 7.2e-05/6  copy heads 0.99  L1H1:0.42/P1 0.96/exp 0.47/pow 0.58  L1H2:0.43/P1 0.96/exp 0.43/pow 0.56  L1H3:0.14/P1 0.94/exp 0.38/pow 0.65
E2a_h0.01_e0.1_L2_rope_attn_s1                     recon 5.8e-05/6  copy heads 0.98  L1H0:0.50/P1 0.98/exp 0.49/pow 0.54  L1H2:0.48/P1 0.98/exp 0.53/pow 0.59
E2a_h0.01_e0.1_L2_rope_attn_s2                     recon 4.4e-05/7  copy heads 0.98  L1H0:0.40/P1 0.96/exp 0.48/pow 0.58  L1H1:0.29/P1 0.95/exp 0.37/pow 0.57  L1H2:0.29/P1 0.95/exp 0.45/pow 0.61
E2a_h0.01_e0.1_L3_learned_abs_attn_s0              recon 5.0e-05/5  copy heads 0.90  L2H1:0.37/P1 0.75/exp 0.39/pow 0.42  L2H3:0.54/P1 0.93/exp 0.40/pow 0.40
E2a_h0.01_e0.1_L3_learned_abs_attn_s1              recon 4.5e-05/5  copy heads 1.00  L2H1:0.44/P1 0.90/exp 0.33/pow 0.35  L2H2:0.46/P1 0.93/exp 0.29/pow 0.33  L2H3:0.10/P1 0.06/exp 0.61/pow 0.66
E2a_h0.01_e0.1_L3_learned_abs_attn_s2              recon 4.7e-05/5  copy heads 1.06  L2H1:0.44/P1 0.90/exp 0.41/pow 0.43  L2H2:0.29/P1 0.70/exp 0.33/pow 0.37  L2H3:0.33/P1 0.88/exp 0.55/pow 0.62
E2a_h0.01_e0.1_L3_rope_attn_s0                     recon 5.3e-05/7  copy heads 0.99  L1H2:0.13/P1 0.91/exp 0.43/pow 0.41  L1H3:0.13/P1 0.89/exp 0.43/pow 0.42  L2H0:0.38/P1 0.95/exp 0.33/pow 0.26  L2H2:0.35/P1 0.93/exp 0.37/pow 0.27
E2a_h0.01_e0.1_L3_rope_attn_s1                     recon 5.2e-05/6  copy heads 0.93  L2H0:0.33/P1 0.97/exp 0.28/pow 0.37  L2H1:0.23/P1 0.93/exp 0.39/pow 0.49  L2H3:0.37/P1 0.93/exp 0.10/pow 0.03
E2a_h0.01_e0.1_L3_rope_attn_s2                     recon 4.7e-05/7  copy heads 0.93  L1H1:0.10/P1 0.88/exp 0.63/pow 0.53  L2H2:0.34/P1 0.92/exp 0.33/pow 0.40  L2H3:0.48/P1 0.95/exp 0.21/pow 0.19
E2a_h0.03_e0.2_L2_learned_abs_attn_s0              recon 2.7e-05/2  copy heads 0.92  L1H1:0.44/P1 0.95/exp 0.76/pow 0.69  L1H3:0.48/P1 0.91/exp 0.86/pow 0.69
E2a_h0.03_e0.2_L2_learned_abs_attn_s1              recon 3.1e-05/5  copy heads 1.02  L1H0:0.32/P1 0.89/exp 0.75/pow 0.77  L1H1:0.40/P1 0.96/exp 0.58/pow 0.60  L1H3:0.30/P1 0.92/exp 0.71/pow 0.76
E2a_h0.03_e0.2_L2_learned_abs_attn_s2              recon 2.0e-05/3  copy heads 0.95  L1H2:0.51/P1 0.96/exp 0.59/pow 0.55  L1H3:0.45/P1 0.98/exp 0.56/pow 0.57
E2a_h0.03_e0.2_L2_rope_attn_s0                     recon 4.8e-05/5  copy heads 0.98  L1H0:0.41/P1 0.96/exp 0.74/pow 0.64  L1H2:0.41/P1 0.96/exp 0.69/pow 0.66  L1H3:0.16/P1 0.92/exp 0.74/pow 0.80
E2a_h0.03_e0.2_L2_rope_attn_s1                     recon 3.2e-05/5  copy heads 0.98  L1H1:0.50/P1 0.97/exp 0.74/pow 0.61  L1H2:0.49/P1 0.97/exp 0.71/pow 0.58
E2a_h0.03_e0.2_L2_rope_attn_s2                     recon 3.6e-05/5  copy heads 0.96  L1H0:0.50/P1 0.98/exp 0.75/pow 0.61  L1H1:0.46/P1 0.98/exp 0.74/pow 0.61
E2a_h0.03_e0.2_L3_learned_abs_attn_s0              recon 6.3e-05/4  copy heads 1.03  L1H2:0.28/P1 0.85/exp 0.92/pow 0.60  L2H0:0.22/P1 0.82/exp 0.61/pow 0.58  L2H1:0.20/P1 0.73/exp 0.73/pow 0.65  L2H2:0.15/P1 0.72/exp 0.69/pow 0.63  L2H3:0.18/P1 0.75/exp 0.67/pow 0.60
E2a_h0.03_e0.2_L3_learned_abs_attn_s1              recon 6.1e-05/5  copy heads 0.88  L2H0:0.12/P1 0.39/exp 0.81/pow 0.76  L2H1:0.42/P1 0.95/exp 0.65/pow 0.60  L2H2:0.34/P1 0.94/exp 0.69/pow 0.65
E2a_h0.03_e0.2_L3_learned_abs_attn_s2              recon 6.0e-05/5  copy heads 0.84  L1H2:0.14/P1 0.75/exp 0.88/pow 0.57  L2H1:0.31/P1 0.92/exp 0.69/pow 0.59  L2H2:0.26/P1 0.88/exp 0.74/pow 0.64  L2H3:0.14/P1 0.64/exp 0.74/pow 0.70
E2a_h0.03_e0.2_L3_rope_attn_s0                     recon 4.0e-05/5  copy heads 0.98  L1H1:0.19/P1 0.97/exp 0.67/pow 0.59  L1H2:0.13/P1 0.84/exp 0.70/pow 0.72  L1H3:0.16/P1 0.92/exp 0.71/pow 0.68  L2H2:0.50/P1 0.95/exp 0.25/pow 0.03
E2a_h0.03_e0.2_L3_rope_attn_s1                     recon 2.4e-05/5  copy heads 0.86  L2H0:0.37/P1 0.90/exp 0.49/pow 0.44  L2H3:0.49/P1 0.92/exp 0.41/pow 0.32
E2a_h0.03_e0.2_L3_rope_attn_s2                     recon 3.5e-05/5  copy heads 0.86  L1H1:0.10/P1 0.88/exp 0.69/pow 0.63  L2H1:0.35/P1 0.94/exp 0.46/pow 0.43  L2H3:0.40/P1 0.95/exp 0.38/pow 0.22
E2b_h0.003_e0.05_L2_alibi_learn_attn_s0            recon 7.4e-05/7  copy heads 1.02  L1H0:0.49/P1 0.98/exp 0.39/pow 0.32  L1H1:0.53/P1 0.98/exp 0.52/pow 0.43
E2b_h0.003_e0.05_L2_alibi_learn_attn_s1            recon 8.0e-05/8  copy heads 1.06  L1H0:0.52/P1 0.97/exp 0.41/pow 0.36  L1H1:0.54/P1 0.97/exp 0.46/pow 0.37
E2b_h0.003_e0.05_L2_alibi_learn_attn_s2            recon 1.7e-04/8  copy heads 1.10  L1H0:0.53/P1 0.98/exp 0.57/pow 0.46  L1H1:0.57/P1 0.98/exp 0.52/pow 0.44
E2b_h0.003_e0.1_L2_alibi_learn_attn_s0             recon 1.0e-04/7  copy heads 1.02  L1H0:0.49/P1 0.97/exp 0.37/pow 0.30  L1H1:0.53/P1 0.96/exp 0.40/pow 0.32
E2b_h0.003_e0.1_L2_alibi_learn_attn_s1             recon 1.1e-04/7  copy heads 1.04  L1H0:0.53/P1 0.97/exp 0.32/pow 0.26  L1H1:0.52/P1 0.95/exp 0.39/pow 0.31
E2b_h0.003_e0.1_L2_alibi_learn_attn_s2             recon 7.2e-05/7  copy heads 1.04  L1H0:0.53/P1 0.97/exp 0.41/pow 0.32  L1H1:0.50/P1 0.96/exp 0.39/pow 0.33
E2b_h0.003_e0.2_L2_alibi_learn_attn_s0             recon 6.5e-05/6  copy heads 0.97  L1H0:0.47/P1 0.93/exp 0.20/pow 0.16  L1H1:0.50/P1 0.93/exp 0.22/pow 0.18
E2b_h0.003_e0.2_L2_alibi_learn_attn_s1             recon 6.5e-05/6  copy heads 0.97  L1H0:0.51/P1 0.93/exp 0.18/pow 0.15  L1H1:0.45/P1 0.92/exp 0.29/pow 0.24
E2b_h0.003_e0.2_L2_alibi_learn_attn_s2             recon 6.5e-05/6  copy heads 0.97  L1H0:0.49/P1 0.94/exp 0.22/pow 0.18  L1H1:0.49/P1 0.93/exp 0.21/pow 0.18
E2b_h0.003_e0.3_L2_alibi_learn_attn_s0             recon 3.3e-05/4  copy heads 0.94  L1H0:0.52/P1 0.91/exp 0.16/pow 0.13  L1H1:0.43/P1 0.87/exp 0.20/pow 0.18
E2b_h0.003_e0.3_L2_alibi_learn_attn_s1             recon 5.0e-05/4  copy heads 0.94  L1H0:0.51/P1 0.95/exp 0.17/pow 0.13  L1H1:0.43/P1 0.93/exp 0.27/pow 0.22
E2b_h0.003_e0.3_L2_alibi_learn_attn_s2             recon 4.8e-05/4  copy heads 1.01  L1H0:0.53/P1 0.91/exp 0.09/pow 0.07  L1H1:0.38/P1 0.90/exp 0.22/pow 0.19  L1H2:0.11/P1 0.17/exp 1.00/pow 0.81
E2b_h0.01_e0.05_L2_alibi_learn_attn_s0             recon 8.1e-05/6  copy heads 1.04  L1H0:0.51/P1 0.99/exp 0.83/pow 0.65  L1H1:0.53/P1 0.98/exp 0.81/pow 0.64
E2b_h0.01_e0.05_L2_alibi_learn_attn_s1             recon 4.2e-05/7  copy heads 0.98  L1H0:0.48/P1 0.98/exp 0.73/pow 0.65  L1H1:0.50/P1 0.98/exp 0.73/pow 0.64
E2b_h0.01_e0.05_L2_alibi_learn_attn_s2             recon 6.8e-05/7  copy heads 1.07  L1H0:0.51/P1 0.98/exp 0.81/pow 0.64  L1H1:0.56/P1 0.98/exp 0.79/pow 0.64
E2b_h0.01_e0.2_L2_alibi_learn_attn_s0              recon 6.9e-05/6  copy heads 0.99  L1H0:0.50/P1 0.98/exp 0.56/pow 0.45  L1H1:0.50/P1 0.97/exp 0.54/pow 0.42
E2b_h0.01_e0.2_L2_alibi_learn_attn_s1              recon 3.3e-05/6  copy heads 0.92  L1H0:0.48/P1 0.98/exp 0.41/pow 0.34  L1H1:0.45/P1 0.98/exp 0.45/pow 0.37
E2b_h0.01_e0.2_L2_alibi_learn_attn_s2              recon 7.8e-05/6  copy heads 0.99  L1H0:0.51/P1 0.98/exp 0.55/pow 0.42  L1H1:0.48/P1 0.98/exp 0.52/pow 0.42
E2b_h0.01_e0.3_L2_alibi_learn_attn_s0              recon 4.6e-05/4  copy heads 0.98  L1H0:0.47/P1 0.98/exp 0.46/pow 0.38  L1H1:0.51/P1 0.97/exp 0.42/pow 0.32
E2b_h0.01_e0.3_L2_alibi_learn_attn_s1              recon 4.2e-05/4  copy heads 0.92  L1H0:0.49/P1 0.98/exp 0.24/pow 0.20  L1H1:0.43/P1 0.99/exp 0.28/pow 0.22
E2b_h0.01_e0.3_L2_alibi_learn_attn_s2              recon 3.8e-05/4  copy heads 0.95  L1H0:0.50/P1 0.98/exp 0.49/pow 0.37  L1H1:0.45/P1 0.98/exp 0.45/pow 0.37
E2b_h0.03_e0.05_L2_alibi_learn_attn_s0             recon 4.7e-05/6  copy heads 0.99  L1H0:0.52/P1 0.98/exp 0.96/pow 0.76  L1H1:0.47/P1 0.98/exp 0.96/pow 0.76
E2b_h0.03_e0.05_L2_alibi_learn_attn_s1             recon 3.1e-05/6  copy heads 0.97  L1H0:0.49/P1 0.98/exp 0.96/pow 0.76  L1H1:0.48/P1 0.98/exp 0.96/pow 0.75
E2b_h0.03_e0.05_L2_alibi_learn_attn_s2             recon 4.2e-05/6  copy heads 1.01  L1H0:0.51/P1 0.98/exp 0.96/pow 0.75  L1H1:0.50/P1 0.98/exp 0.96/pow 0.76
E2b_h0.03_e0.1_L2_alibi_learn_attn_s0              recon 3.3e-05/6  copy heads 1.03  L1H0:0.52/P1 0.98/exp 0.94/pow 0.73  L1H1:0.51/P1 0.98/exp 0.94/pow 0.72
E2b_h0.03_e0.1_L2_alibi_learn_attn_s1              recon 3.4e-05/6  copy heads 0.95  L1H0:0.47/P1 0.97/exp 0.94/pow 0.74  L1H1:0.48/P1 0.97/exp 0.93/pow 0.73
E2b_h0.03_e0.1_L2_alibi_learn_attn_s2              recon 3.5e-05/6  copy heads 0.95  L1H0:0.49/P1 0.98/exp 0.92/pow 0.72  L1H1:0.46/P1 0.98/exp 0.93/pow 0.72
E2b_h0.03_e0.3_L2_alibi_learn_attn_s0              recon 2.3e-05/3  copy heads 1.07  L1H0:0.47/P1 0.98/exp 0.80/pow 0.64  L1H1:0.45/P1 0.98/exp 0.82/pow 0.64  L1H2:0.16/P1 0.19/exp 1.00/pow 0.85
E2b_h0.03_e0.3_L2_alibi_learn_attn_s1              recon 9.5e-06/3  copy heads 1.08  L1H0:0.48/P1 0.99/exp 0.80/pow 0.62  L1H1:0.44/P1 0.99/exp 0.81/pow 0.63  L1H2:0.16/P1 0.18/exp 1.00/pow 0.84
E2b_h0.03_e0.3_L2_alibi_learn_attn_s2              recon 1.8e-05/4  copy heads 1.06  L1H0:0.42/P1 0.98/exp 0.83/pow 0.66  L1H1:0.50/P1 0.98/exp 0.81/pow 0.63  L1H2:0.14/P1 0.17/exp 1.00/pow 0.85
E2c_h0.01_e0.1_L2_alibi_learn_attn_cf0.2_s0        recon 1.5e-05/5  copy heads 1.00  L1H0:0.30/P1 0.94/exp 0.23/pow 0.19  L1H1:0.34/P1 0.96/exp 0.44/pow 0.37  L1H2:0.19/P1 0.84/exp 0.99/pow 0.79  L1H3:0.17/P1 0.21/exp 1.00/pow 0.80
E2c_h0.01_e0.1_L2_alibi_learn_attn_cf0.2_s1        recon 1.8e-05/5  copy heads 1.00  L1H0:0.31/P1 0.94/exp 0.26/pow 0.23  L1H1:0.33/P1 0.95/exp 0.40/pow 0.35  L1H2:0.19/P1 0.81/exp 0.99/pow 0.79  L1H3:0.16/P1 0.21/exp 1.00/pow 0.80
E2c_h0.01_e0.1_L2_alibi_learn_attn_cf0.2_s2        recon 1.6e-05/6  copy heads 1.00  L1H0:0.31/P1 0.93/exp 0.33/pow 0.27  L1H1:0.33/P1 0.94/exp 0.39/pow 0.35  L1H2:0.19/P1 0.83/exp 0.99/pow 0.79  L1H3:0.18/P1 0.21/exp 1.00/pow 0.79
E2c_h0.01_e0.1_L3_alibi_learn_attn_cf0.2_s0        recon 1.4e-05/5  copy heads 0.87  L2H0:0.36/P1 0.99/exp 0.04/pow 0.11  L2H1:0.30/P1 0.97/exp 0.55/pow 0.46  L2H2:0.21/P1 0.90/exp 0.95/pow 0.68
E2c_h0.01_e0.1_L3_alibi_learn_attn_cf0.2_s1        recon 1.4e-05/5  copy heads 0.87  L2H0:0.41/P1 1.00/exp 0.00/pow 0.06  L2H1:0.28/P1 0.98/exp 0.70/pow 0.60  L2H2:0.18/P1 0.91/exp 0.97/pow 0.70
E2c_h0.01_e0.1_L3_alibi_learn_attn_cf0.2_s2        recon 1.6e-05/5  copy heads 0.85  L2H0:0.34/P1 0.99/exp 0.03/pow 0.09  L2H1:0.29/P1 0.97/exp 0.52/pow 0.47  L2H2:0.21/P1 0.86/exp 0.96/pow 0.69
E2c_h0.03_e0.2_L2_alibi_learn_attn_cf0.2_s0        recon 8.6e-06/3  copy heads 0.88  L1H0:0.43/P1 0.98/exp 0.74/pow 0.59  L1H1:0.45/P1 0.98/exp 0.80/pow 0.61
E2c_h0.03_e0.2_L2_alibi_learn_attn_cf0.2_s1        recon 9.9e-06/3  copy heads 0.88  L1H0:0.44/P1 0.98/exp 0.74/pow 0.60  L1H1:0.44/P1 0.99/exp 0.81/pow 0.63
E2c_h0.03_e0.2_L2_alibi_learn_attn_cf0.2_s2        recon 9.5e-06/3  copy heads 0.87  L1H0:0.45/P1 0.98/exp 0.77/pow 0.60  L1H1:0.43/P1 0.99/exp 0.83/pow 0.64
E2c_h0.03_e0.2_L3_alibi_learn_attn_cf0.2_s0        recon 8.5e-06/4  copy heads 0.95  L2H0:0.38/P1 0.95/exp 0.00/pow 0.08  L2H1:0.41/P1 1.00/exp 0.54/pow 0.23  L2H2:0.15/P1 0.97/exp 0.98/pow 0.72
E2c_h0.03_e0.2_L3_alibi_learn_attn_cf0.2_s1        recon 9.5e-06/4  copy heads 0.95  L2H0:0.39/P1 0.98/exp 0.00/pow 0.09  L2H1:0.43/P1 0.99/exp 0.55/pow 0.28  L2H2:0.13/P1 0.93/exp 0.99/pow 0.76
E2c_h0.03_e0.2_L3_alibi_learn_attn_cf0.2_s2        recon 1.0e-05/4  copy heads 0.95  L2H0:0.36/P1 0.92/exp 0.01/pow 0.04  L2H1:0.42/P1 1.00/exp 0.51/pow 0.20  L2H2:0.16/P1 0.98/exp 0.98/pow 0.72
-> figs_mech/mech.csv
