E1_h0.01_e0.1_L2_alibi_learn_attn_s2                 prev-token head 3 (0.99)  repeat-CE base 1.072  k-ablate prev 3.953  err 8.7e-05
E1_h0.03_e0.2_L2_alibi_learn_attn_s2                 prev-token head 3 (0.97)  repeat-CE base 1.927  k-ablate prev 4.035  err 3.7e-05
E2a_h0.01_e0.1_L2_learned_abs_attn_s2                prev-token head 0 (0.40)  repeat-CE base 1.077  k-ablate prev 2.627  err 3.1e-05
E2a_h0.01_e0.1_L2_rope_attn_s2                       prev-token head 1 (0.51)  repeat-CE base 1.067  k-ablate prev 4.135  err 2.2e-05
E2a_h0.03_e0.2_L2_learned_abs_attn_s2                prev-token head 3 (0.47)  repeat-CE base 1.930  k-ablate prev 3.867  err 7.7e-05
E2a_h0.03_e0.2_L2_rope_attn_s2                       prev-token head 1 (0.52)  repeat-CE base 1.919  k-ablate prev 4.033  err 1.6e-05
E2b_h0.003_e0.05_L2_alibi_learn_attn_s2              prev-token head 3 (0.98)  repeat-CE base 0.499  k-ablate prev 4.066  err 5.5e-05
E2b_h0.003_e0.1_L2_alibi_learn_attn_s2               prev-token head 3 (1.00)  repeat-CE base 0.638  k-ablate prev 4.137  err 6.8e-05
E2b_h0.003_e0.2_L2_alibi_learn_attn_s2               prev-token head 3 (0.99)  repeat-CE base 0.820  k-ablate prev 4.270  err 6.0e-05
E2b_h0.003_e0.3_L2_alibi_learn_attn_s2               prev-token head 3 (1.00)  repeat-CE base 0.936  k-ablate prev 4.152  err 6.0e-05
E2b_h0.01_e0.05_L2_alibi_learn_attn_s2               prev-token head 3 (0.98)  repeat-CE base 0.940  k-ablate prev 3.998  err 3.6e-05
E2b_h0.01_e0.2_L2_alibi_learn_attn_s2                prev-token head 3 (1.00)  repeat-CE base 1.248  k-ablate prev 4.013  err 5.2e-05
E2b_h0.01_e0.3_L2_alibi_learn_attn_s2                prev-token head 3 (1.00)  repeat-CE base 1.353  k-ablate prev 4.047  err 6.3e-05
E2b_h0.03_e0.05_L2_alibi_learn_attn_s2               prev-token head 3 (0.83)  repeat-CE base 1.655  k-ablate prev 3.624  err 2.1e-05
E2b_h0.03_e0.1_L2_alibi_learn_attn_s2                prev-token head 3 (0.87)  repeat-CE base 1.774  k-ablate prev 4.007  err 1.6e-05
E2b_h0.03_e0.3_L2_alibi_learn_attn_s2                prev-token head 3 (0.68)  repeat-CE base 2.019  k-ablate prev 4.014  err 4.3e-05
E2c_h0.01_e0.1_L2_alibi_learn_attn_cf0.2_s2          prev-token head 3 (0.99)  repeat-CE base 1.099  k-ablate prev 3.782  err 1.1e-05
E2c_h0.03_e0.2_L2_alibi_learn_attn_cf0.2_s2          prev-token head 3 (0.77)  repeat-CE base 1.949  k-ablate prev 3.837  err 1.2e-05
E3_h0.01_e0.1_L2_alibi_learn_attn_st60000_s0         prev-token head 3 (1.00)  repeat-CE base 1.071  k-ablate prev 4.057  err 2.4e-04
E3_h0.01_e0.1_L2_rope_attn_d256_s1                   prev-token head 1 (0.50)  repeat-CE base 1.061  k-ablate prev 1.618  err 2.6e-05
E3_h0.03_e0.2_L2_alibi_learn_attn_d256_s0            prev-token head 7 (0.57)  repeat-CE base 1.916  k-ablate prev 3.961  err 2.1e-05
E3_h0.03_e0.2_L2_alibi_learn_attn_st60000_s1         prev-token head 3 (0.98)  repeat-CE base 1.924  k-ablate prev 3.657  err 7.0e-05
E3_h0.03_e0.2_L2_rope_attn_st60000_s0                prev-token head 1 (0.51)  repeat-CE base 1.917  k-ablate prev 4.060  err 2.4e-05
