E1_h0.01_e0.1_L2_alibi_learn_attn_s0                 prev-token head 3 (1.00)  repeat-CE base 1.073  k-ablate prev 3.998  err 8.2e-05
E1_h0.03_e0.2_L2_alibi_learn_attn_s0                 prev-token head 3 (0.93)  repeat-CE base 1.927  k-ablate prev 3.923  err 3.9e-05
E2a_h0.01_e0.1_L2_learned_abs_attn_s0                prev-token head 0 (0.37)  repeat-CE base 1.079  k-ablate prev 2.420  err 3.1e-05
E2a_h0.01_e0.1_L2_rope_attn_s0                       prev-token head 0 (0.50)  repeat-CE base 1.066  k-ablate prev 4.070  err 2.3e-05
E2a_h0.03_e0.2_L2_learned_abs_attn_s0                prev-token head 1 (0.48)  repeat-CE base 1.931  k-ablate prev 3.896  err 3.4e-05
E2a_h0.03_e0.2_L2_rope_attn_s0                       prev-token head 1 (0.53)  repeat-CE base 1.921  k-ablate prev 4.006  err 1.8e-05
E2b_h0.003_e0.05_L2_alibi_learn_attn_s0              prev-token head 3 (0.93)  repeat-CE base 0.500  k-ablate prev 4.129  err 3.4e-05
E2b_h0.003_e0.1_L2_alibi_learn_attn_s0               prev-token head 3 (0.92)  repeat-CE base 0.638  k-ablate prev 4.163  err 3.6e-05
E2b_h0.003_e0.2_L2_alibi_learn_attn_s0               prev-token head 3 (0.86)  repeat-CE base 0.820  k-ablate prev 4.297  err 4.4e-05
E2b_h0.003_e0.3_L2_alibi_learn_attn_s0               prev-token head 3 (0.83)  repeat-CE base 0.935  k-ablate prev 4.161  err 5.1e-05
E2b_h0.01_e0.05_L2_alibi_learn_attn_s0               prev-token head 3 (0.96)  repeat-CE base 0.941  k-ablate prev 4.031  err 6.2e-05
E2b_h0.01_e0.2_L2_alibi_learn_attn_s0                prev-token head 3 (1.00)  repeat-CE base 1.247  k-ablate prev 3.900  err 3.6e-05
E2b_h0.01_e0.3_L2_alibi_learn_attn_s0                prev-token head 3 (0.95)  repeat-CE base 1.354  k-ablate prev 4.078  err 3.7e-05
E2b_h0.03_e0.05_L2_alibi_learn_attn_s0               prev-token head 3 (0.99)  repeat-CE base 1.654  k-ablate prev 3.719  err 2.7e-05
E2b_h0.03_e0.1_L2_alibi_learn_attn_s0                prev-token head 3 (0.98)  repeat-CE base 1.770  k-ablate prev 3.886  err 3.3e-05
E2b_h0.03_e0.3_L2_alibi_learn_attn_s0                prev-token head 3 (0.85)  repeat-CE base 2.018  k-ablate prev 3.824  err 4.9e-05
E2c_h0.01_e0.1_L2_alibi_learn_attn_cf0.2_s0          prev-token head 3 (0.99)  repeat-CE base 1.098  k-ablate prev 3.829  err 1.2e-05
E2c_h0.03_e0.2_L2_alibi_learn_attn_cf0.2_s0          prev-token head 3 (0.70)  repeat-CE base 1.951  k-ablate prev 3.633  err 1.1e-05
E3_h0.01_e0.1_L2_alibi_learn_attn_d256_s0            prev-token head 7 (0.62)  repeat-CE base 1.064  k-ablate prev 3.561  err 5.8e-05
E3_h0.01_e0.1_L2_alibi_learn_attn_st60000_s1         prev-token head 3 (0.96)  repeat-CE base 1.076  k-ablate prev 4.086  err 6.6e-05
E3_h0.01_e0.1_L2_rope_attn_st60000_s0                prev-token head 0 (0.51)  repeat-CE base 1.064  k-ablate prev 4.161  err 1.9e-05
E3_h0.03_e0.2_L2_alibi_learn_attn_d256_s1            prev-token head 7 (0.65)  repeat-CE base 1.915  k-ablate prev 3.664  err 6.2e-05
E3_h0.03_e0.2_L2_rope_attn_d256_s0                   prev-token head 0 (0.51)  repeat-CE base 1.912  k-ablate prev 3.920  err 1.9e-05
E3_h0.03_e0.2_L2_rope_attn_st60000_s1                prev-token head 2 (0.49)  repeat-CE base 1.918  k-ablate prev 4.184  err 2.7e-05
