E1_h0.01_e0.1_L2_alibi_learn_attn_s1                 prev-token head 3 (0.95)  repeat-CE base 1.079  k-ablate prev 3.767  err 3.6e-05
E1_h0.03_e0.2_L2_alibi_learn_attn_s1                 prev-token head 3 (0.93)  repeat-CE base 1.930  k-ablate prev 3.836  err 2.1e-05
E2a_h0.01_e0.1_L2_learned_abs_attn_s1                prev-token head 1 (0.40)  repeat-CE base 1.078  k-ablate prev 2.777  err 2.7e-05
E2a_h0.01_e0.1_L2_rope_attn_s1                       prev-token head 2 (0.50)  repeat-CE base 1.068  k-ablate prev 3.919  err 3.9e-05
E2a_h0.03_e0.2_L2_learned_abs_attn_s1                prev-token head 1 (0.46)  repeat-CE base 1.930  k-ablate prev 3.771  err 6.3e-05
E2a_h0.03_e0.2_L2_rope_attn_s1                       prev-token head 2 (0.50)  repeat-CE base 1.920  k-ablate prev 3.810  err 1.8e-05
E2b_h0.003_e0.05_L2_alibi_learn_attn_s1              prev-token head 3 (0.92)  repeat-CE base 0.499  k-ablate prev 3.982  err 5.6e-05
E2b_h0.003_e0.1_L2_alibi_learn_attn_s1               prev-token head 3 (0.96)  repeat-CE base 0.637  k-ablate prev 4.078  err 4.8e-05
E2b_h0.003_e0.2_L2_alibi_learn_attn_s1               prev-token head 3 (0.89)  repeat-CE base 0.819  k-ablate prev 4.137  err 6.0e-05
E2b_h0.003_e0.3_L2_alibi_learn_attn_s1               prev-token head 3 (0.74)  repeat-CE base 0.935  k-ablate prev 4.130  err 3.7e-05
E2b_h0.01_e0.05_L2_alibi_learn_attn_s1               prev-token head 3 (0.96)  repeat-CE base 0.944  k-ablate prev 4.059  err 3.0e-05
E2b_h0.01_e0.2_L2_alibi_learn_attn_s1                prev-token head 3 (0.98)  repeat-CE base 1.252  k-ablate prev 4.098  err 3.6e-05
E2b_h0.01_e0.3_L2_alibi_learn_attn_s1                prev-token head 3 (0.98)  repeat-CE base 1.358  k-ablate prev 4.093  err 4.1e-05
E2b_h0.03_e0.05_L2_alibi_learn_attn_s1               prev-token head 3 (0.84)  repeat-CE base 1.657  k-ablate prev 3.772  err 1.8e-05
E2b_h0.03_e0.1_L2_alibi_learn_attn_s1                prev-token head 3 (0.82)  repeat-CE base 1.776  k-ablate prev 3.634  err 1.7e-05
E2b_h0.03_e0.3_L2_alibi_learn_attn_s1                prev-token head 3 (0.89)  repeat-CE base 2.020  k-ablate prev 4.032  err 2.8e-05
E2c_h0.01_e0.1_L2_alibi_learn_attn_cf0.2_s1          prev-token head 3 (0.97)  repeat-CE base 1.097  k-ablate prev 3.845  err 1.4e-05
E2c_h0.03_e0.2_L2_alibi_learn_attn_cf0.2_s1          prev-token head 3 (0.69)  repeat-CE base 1.951  k-ablate prev 3.590  err 1.4e-05
E3_h0.01_e0.1_L2_alibi_learn_attn_d256_s1            prev-token head 7 (0.69)  repeat-CE base 1.064  k-ablate prev 3.539  err 4.4e-05
E3_h0.01_e0.1_L2_rope_attn_d256_s0                   prev-token head 3 (0.49)  repeat-CE base 1.061  k-ablate prev 4.113  err 2.7e-05
E3_h0.01_e0.1_L2_rope_attn_st60000_s1                prev-token head 2 (0.50)  repeat-CE base 1.066  k-ablate prev 3.792  err 2.0e-05
E3_h0.03_e0.2_L2_alibi_learn_attn_st60000_s0         prev-token head 3 (0.94)  repeat-CE base 1.923  k-ablate prev 3.991  err 4.8e-05
E3_h0.03_e0.2_L2_rope_attn_d256_s1                   prev-token head 1 (0.50)  repeat-CE base 1.912  k-ablate prev 3.910  err 2.0e-05
