/home/nirbhay/recfreq/recfreq/run5.py:135: UserWarning: Converting a tensor with requires_grad=True to a scalar may lead to unexpected behavior.
Consider using tensor.detach() first. (Triggered internally at /pytorch/torch/csrc/autograd/generated/python_variable_methods.cpp:836.)
  base["decay"] = [float(slopes[int(h)]) * 2 if slopes is not None else float(b) for h, b in zip(base["head"], base.b_d)]
E1_h0.01_e0.1_L2_alibi_learn_attn_s2                 prev 3 slow [0, 1] decomp err 5.0e-05  CE base 1.072 nonprev_all 1.248
E1_h0.03_e0.2_L2_alibi_learn_attn_s2                 prev 3 slow [0, 3] decomp err 3.1e-05  CE base 1.927 nonprev_all 2.200
E2a_h0.01_e0.1_L2_learned_abs_attn_s2                prev 0 slow [0, 2] decomp err 4.6e-05  CE base 1.077 nonprev_all 2.091
E2a_h0.01_e0.1_L2_rope_attn_s2                       prev 1 slow [1, 2] decomp err 2.6e-05  CE base 1.067 nonprev_all 1.177
E2a_h0.03_e0.2_L2_learned_abs_attn_s2                prev 3 slow [2, 3] decomp err 3.8e-05  CE base 1.930 nonprev_all 3.393
E2a_h0.03_e0.2_L2_rope_attn_s2                       prev 1 slow [2, 3] decomp err 2.4e-05  CE base 1.919 nonprev_all 2.011
E2b_h0.003_e0.05_L2_alibi_learn_attn_s2              prev 3 slow [0, 1] decomp err 3.8e-05  CE base 0.499 nonprev_all 0.652
E2b_h0.003_e0.1_L2_alibi_learn_attn_s2               prev 3 slow [0, 1] decomp err 4.6e-05  CE base 0.638 nonprev_all 0.827
E2b_h0.003_e0.2_L2_alibi_learn_attn_s2               prev 3 slow [0, 1] decomp err 6.1e-05  CE base 0.820 nonprev_all 1.453
E2b_h0.003_e0.3_L2_alibi_learn_attn_s2               prev 3 slow [0, 1] decomp err 6.1e-05  CE base 0.936 nonprev_all 1.091
E2b_h0.01_e0.05_L2_alibi_learn_attn_s2               prev 3 slow [0, 1] decomp err 3.8e-05  CE base 0.940 nonprev_all 1.193
E2b_h0.01_e0.2_L2_alibi_learn_attn_s2                prev 3 slow [0, 1] decomp err 3.8e-05  CE base 1.248 nonprev_all 1.605
E2b_h0.01_e0.3_L2_alibi_learn_attn_s2                prev 3 slow [0, 1] decomp err 6.1e-05  CE base 1.353 nonprev_all 1.479
E2b_h0.03_e0.05_L2_alibi_learn_attn_s2               prev 3 slow [0, 1] decomp err 1.3e-05  CE base 1.655 nonprev_all 1.838
E2b_h0.03_e0.1_L2_alibi_learn_attn_s2                prev 3 slow [0, 3] decomp err 3.4e-05  CE base 1.774 nonprev_all 1.992
E2b_h0.03_e0.3_L2_alibi_learn_attn_s2                prev 3 slow [0, 1] decomp err 4.8e-05  CE base 2.019 nonprev_all 3.382
E2c_h0.01_e0.1_L2_alibi_learn_attn_cf0.2_s2          prev 3 slow [0, 1] decomp err 1.3e-05  CE base 1.099 nonprev_all 1.305
E2c_h0.03_e0.2_L2_alibi_learn_attn_cf0.2_s2          prev 3 slow [0, 1] decomp err 1.7e-05  CE base 1.949 nonprev_all 2.024
E3_h0.01_e0.1_L2_alibi_learn_attn_st60000_s0         prev 3 slow [0, 1] decomp err 3.2e-05  CE base 1.071 nonprev_all 1.394
E3_h0.01_e0.1_L2_rope_attn_d256_s1                   prev 1 slow [0, 2, 3, 6] decomp err 2.9e-05  CE base 1.061 nonprev_all 2.138
E3_h0.03_e0.2_L2_alibi_learn_attn_d256_s0            prev 7 slow [0, 1, 2, 6] decomp err 3.4e-05  CE base 1.916 nonprev_all 2.067
E3_h0.03_e0.2_L2_alibi_learn_attn_st60000_s1         prev 3 slow [0, 3] decomp err 4.9e-05  CE base 1.924 nonprev_all 2.635
E3_h0.03_e0.2_L2_rope_attn_st60000_s0                prev 1 slow [1, 3] decomp err 1.9e-05  CE base 1.917 nonprev_all 2.125
