init {'ce': 4.191636085510254, 'acc': 0.01276397705078125, 'ce_rep': 4.191800349072801, 'acc_rep': 0.012530818490280479, 'bayes_ce': 0.2593907867924905, 'bayes_acc': 0.9385757446289062, 'bayes_acc_rep': 1.0, 'excess': 3.9322452987177634}
{"step": 500, "train_loss": 0.2659, "ce": 0.2679, "acc": 0.9384, "ce_rep": 0.0045, "acc_rep": 0.9999, "bayes_ce": 0.2594, "bayes_acc": 0.9386, "bayes_acc_rep": 1.0, "excess": 0.0085, "sec": 16.0}
{"step": 1000, "train_loss": 0.2641, "ce": 0.2636, "acc": 0.9386, "ce_rep": 0.003, "acc_rep": 1.0, "bayes_ce": 0.2594, "bayes_acc": 0.9386, "bayes_acc_rep": 1.0, "excess": 0.0042, "sec": 32.0}
{"step": 1500, "train_loss": 0.2602, "ce": 0.26, "acc": 0.9385, "ce_rep": 0.0, "acc_rep": 1.0, "bayes_ce": 0.2594, "bayes_acc": 0.9386, "bayes_acc_rep": 1.0, "excess": 0.0007, "sec": 48.0}
{"step": 2000, "train_loss": 0.2603, "ce": 0.2598, "acc": 0.9388, "ce_rep": 0.0, "acc_rep": 1.0, "bayes_ce": 0.2594, "bayes_acc": 0.9386, "bayes_acc_rep": 1.0, "excess": 0.0004, "sec": 64.1}
{"step": 2500, "train_loss": 0.2598, "ce": 0.2598, "acc": 0.9386, "ce_rep": 0.0, "acc_rep": 1.0, "bayes_ce": 0.2594, "bayes_acc": 0.9386, "bayes_acc_rep": 1.0, "excess": 0.0004, "sec": 80.2}
{"step": 3000, "train_loss": 0.2603, "ce": 0.2598, "acc": 0.9387, "ce_rep": 0.0, "acc_rep": 1.0, "bayes_ce": 0.2594, "bayes_acc": 0.9386, "bayes_acc_rep": 1.0, "excess": 0.0004, "sec": 96.3}
{"step": 3500, "train_loss": 0.2598, "ce": 0.2597, "acc": 0.9385, "ce_rep": 0.0, "acc_rep": 1.0, "bayes_ce": 0.2594, "bayes_acc": 0.9386, "bayes_acc_rep": 1.0, "excess": 0.0003, "sec": 112.4}
{"step": 4000, "train_loss": 0.2597, "ce": 0.2597, "acc": 0.9385, "ce_rep": 0.0, "acc_rep": 1.0, "bayes_ce": 0.2594, "bayes_acc": 0.9386, "bayes_acc_rep": 1.0, "excess": 0.0003, "sec": 128.5}
{"step": 4500, "train_loss": 0.2596, "ce": 0.2596, "acc": 0.9387, "ce_rep": 0.0, "acc_rep": 1.0, "bayes_ce": 0.2594, "bayes_acc": 0.9386, "bayes_acc_rep": 1.0, "excess": 0.0002, "sec": 144.6}
{"step": 5000, "train_loss": 0.2598, "ce": 0.2596, "acc": 0.9385, "ce_rep": 0.0, "acc_rep": 1.0, "bayes_ce": 0.2594, "bayes_acc": 0.9386, "bayes_acc_rep": 1.0, "excess": 0.0002, "sec": 160.7}
{"step": 5500, "train_loss": 0.2596, "ce": 0.2597, "acc": 0.9385, "ce_rep": 0.0001, "acc_rep": 1.0, "bayes_ce": 0.2594, "bayes_acc": 0.9386, "bayes_acc_rep": 1.0, "excess": 0.0003, "sec": 176.8}
{"step": 6000, "train_loss": 0.2592, "ce": 0.2595, "acc": 0.9385, "ce_rep": 0.0, "acc_rep": 1.0, "bayes_ce": 0.2594, "bayes_acc": 0.9386, "bayes_acc_rep": 1.0, "excess": 0.0001, "sec": 192.9}
{"step": 6500, "train_loss": 0.2596, "ce": 0.2595, "acc": 0.9388, "ce_rep": 0.0, "acc_rep": 1.0, "bayes_ce": 0.2594, "bayes_acc": 0.9386, "bayes_acc_rep": 1.0, "excess": 0.0001, "sec": 209.0}
{"step": 7000, "train_loss": 0.2595, "ce": 0.2595, "acc": 0.9386, "ce_rep": 0.0, "acc_rep": 1.0, "bayes_ce": 0.2594, "bayes_acc": 0.9386, "bayes_acc_rep": 1.0, "excess": 0.0001, "sec": 225.1}
{"step": 7500, "train_loss": 0.2594, "ce": 0.2595, "acc": 0.9387, "ce_rep": 0.0, "acc_rep": 1.0, "bayes_ce": 0.2594, "bayes_acc": 0.9386, "bayes_acc_rep": 1.0, "excess": 0.0001, "sec": 241.2}
{"step": 8000, "train_loss": 0.2594, "ce": 0.2595, "acc": 0.9387, "ce_rep": 0.0, "acc_rep": 1.0, "bayes_ce": 0.2594, "bayes_acc": 0.9386, "bayes_acc_rep": 1.0, "excess": 0.0001, "sec": 257.3}
{"step": 8500, "train_loss": 0.2596, "ce": 0.2595, "acc": 0.9385, "ce_rep": 0.0, "acc_rep": 1.0, "bayes_ce": 0.2594, "bayes_acc": 0.9386, "bayes_acc_rep": 1.0, "excess": 0.0001, "sec": 273.4}
{"step": 9000, "train_loss": 0.2596, "ce": 0.2595, "acc": 0.9386, "ce_rep": 0.0, "acc_rep": 1.0, "bayes_ce": 0.2594, "bayes_acc": 0.9386, "bayes_acc_rep": 1.0, "excess": 0.0001, "sec": 289.4}
{"step": 9500, "train_loss": 0.2591, "ce": 0.2595, "acc": 0.9386, "ce_rep": 0.0, "acc_rep": 1.0, "bayes_ce": 0.2594, "bayes_acc": 0.9386, "bayes_acc_rep": 1.0, "excess": 0.0001, "sec": 305.5}
{"step": 10000, "train_loss": 0.2598, "ce": 0.2595, "acc": 0.9387, "ce_rep": 0.0, "acc_rep": 1.0, "bayes_ce": 0.2594, "bayes_acc": 0.9386, "bayes_acc_rep": 1.0, "excess": 0.0001, "sec": 321.6}
{"step": 10500, "train_loss": 0.2597, "ce": 0.2595, "acc": 0.9386, "ce_rep": 0.0, "acc_rep": 1.0, "bayes_ce": 0.2594, "bayes_acc": 0.9386, "bayes_acc_rep": 1.0, "excess": 0.0001, "sec": 337.7}
{"step": 11000, "train_loss": 0.2597, "ce": 0.2594, "acc": 0.9386, "ce_rep": 0.0, "acc_rep": 1.0, "bayes_ce": 0.2594, "bayes_acc": 0.9386, "bayes_acc_rep": 1.0, "excess": 0.0, "sec": 353.8}
{"step": 11500, "train_loss": 0.2595, "ce": 0.2594, "acc": 0.9386, "ce_rep": 0.0, "acc_rep": 1.0, "bayes_ce": 0.2594, "bayes_acc": 0.9386, "bayes_acc_rep": 1.0, "excess": 0.0001, "sec": 369.9}
{"step": 12000, "train_loss": 0.2598, "ce": 0.2594, "acc": 0.9386, "ce_rep": 0.0, "acc_rep": 1.0, "bayes_ce": 0.2594, "bayes_acc": 0.9386, "bayes_acc_rep": 1.0, "excess": 0.0, "sec": 386.0}
{"step": 12500, "train_loss": 0.2596, "ce": 0.2595, "acc": 0.9386, "ce_rep": 0.0, "acc_rep": 1.0, "bayes_ce": 0.2594, "bayes_acc": 0.9386, "bayes_acc_rep": 1.0, "excess": 0.0001, "sec": 402.1}
{"step": 13000, "train_loss": 0.2596, "ce": 0.2595, "acc": 0.9385, "ce_rep": 0.0, "acc_rep": 1.0, "bayes_ce": 0.2594, "bayes_acc": 0.9386, "bayes_acc_rep": 1.0, "excess": 0.0001, "sec": 418.2}
{"step": 13500, "train_loss": 0.2598, "ce": 0.2594, "acc": 0.9388, "ce_rep": 0.0, "acc_rep": 1.0, "bayes_ce": 0.2594, "bayes_acc": 0.9386, "bayes_acc_rep": 1.0, "excess": 0.0, "sec": 434.3}
{"step": 14000, "train_loss": 0.2597, "ce": 0.2594, "acc": 0.9386, "ce_rep": 0.0, "acc_rep": 1.0, "bayes_ce": 0.2594, "bayes_acc": 0.9386, "bayes_acc_rep": 1.0, "excess": 0.0, "sec": 450.4}
{"step": 14500, "train_loss": 0.2598, "ce": 0.2594, "acc": 0.9386, "ce_rep": 0.0, "acc_rep": 1.0, "bayes_ce": 0.2594, "bayes_acc": 0.9386, "bayes_acc_rep": 1.0, "excess": 0.0, "sec": 466.5}
{"step": 15000, "train_loss": 0.2598, "ce": 0.2594, "acc": 0.9387, "ce_rep": 0.0, "acc_rep": 1.0, "bayes_ce": 0.2594, "bayes_acc": 0.9386, "bayes_acc_rep": 1.0, "excess": 0.0, "sec": 482.5}
{"step": 15500, "train_loss": 0.2586, "ce": 0.2594, "acc": 0.9386, "ce_rep": 0.0, "acc_rep": 1.0, "bayes_ce": 0.2594, "bayes_acc": 0.9386, "bayes_acc_rep": 1.0, "excess": 0.0, "sec": 498.5}
{"step": 16000, "train_loss": 0.2593, "ce": 0.2594, "acc": 0.9386, "ce_rep": 0.0, "acc_rep": 1.0, "bayes_ce": 0.2594, "bayes_acc": 0.9386, "bayes_acc_rep": 1.0, "excess": 0.0, "sec": 514.5}
{"step": 16500, "train_loss": 0.2597, "ce": 0.2594, "acc": 0.9387, "ce_rep": 0.0, "acc_rep": 1.0, "bayes_ce": 0.2594, "bayes_acc": 0.9386, "bayes_acc_rep": 1.0, "excess": 0.0, "sec": 530.5}
{"step": 17000, "train_loss": 0.2593, "ce": 0.2594, "acc": 0.9387, "ce_rep": 0.0, "acc_rep": 1.0, "bayes_ce": 0.2594, "bayes_acc": 0.9386, "bayes_acc_rep": 1.0, "excess": 0.0, "sec": 546.5}
{"step": 17500, "train_loss": 0.2595, "ce": 0.2594, "acc": 0.9387, "ce_rep": 0.0, "acc_rep": 1.0, "bayes_ce": 0.2594, "bayes_acc": 0.9386, "bayes_acc_rep": 1.0, "excess": 0.0, "sec": 562.6}
{"step": 18000, "train_loss": 0.2596, "ce": 0.2594, "acc": 0.9387, "ce_rep": 0.0, "acc_rep": 1.0, "bayes_ce": 0.2594, "bayes_acc": 0.9386, "bayes_acc_rep": 1.0, "excess": 0.0, "sec": 578.7}
{"step": 18500, "train_loss": 0.2598, "ce": 0.2594, "acc": 0.9388, "ce_rep": 0.0, "acc_rep": 1.0, "bayes_ce": 0.2594, "bayes_acc": 0.9386, "bayes_acc_rep": 1.0, "excess": 0.0, "sec": 594.8}
{"step": 19000, "train_loss": 0.2596, "ce": 0.2594, "acc": 0.9387, "ce_rep": 0.0, "acc_rep": 1.0, "bayes_ce": 0.2594, "bayes_acc": 0.9386, "bayes_acc_rep": 1.0, "excess": 0.0, "sec": 610.9}
{"step": 19500, "train_loss": 0.2598, "ce": 0.2594, "acc": 0.9385, "ce_rep": 0.0, "acc_rep": 1.0, "bayes_ce": 0.2594, "bayes_acc": 0.9386, "bayes_acc_rep": 1.0, "excess": 0.0, "sec": 627.0}
{"step": 20000, "train_loss": 0.2596, "ce": 0.2594, "acc": 0.9386, "ce_rep": 0.0, "acc_rep": 1.0, "bayes_ce": 0.2594, "bayes_acc": 0.9386, "bayes_acc_rep": 1.0, "excess": -0.0, "sec": 643.1}
GATE PASS {'ce': 0.2593838572502136, 'acc': 0.9386138916015625, 'ce_rep': 8.339786963710101e-07, 'acc_rep': 1.0, 'bayes_ce': 0.2593907867924905, 'bayes_acc': 0.9385757446289062, 'bayes_acc_rep': 1.0, 'excess': -6.9295422768789194e-06}
done /home/nirbhay/recfreq/results/runs/E0_h0.0_e0.0_L2_alibi_learn_attn_s0
